Service unavailable
CPU usage above threshold
Disk space running low
Database connection established
Request timed out
Authentication failed
Database connection failed
Backup completed
Server started successfully
Service unavailable
User logged in
Disk space running low
File not found
Server started successfully
High memory usage
High memory usage
CPU usage above threshold
User logged out
Server started successfully
User logged in
Disk space running low
Request timed out
Backup completed
High memory usage
Database connection failed
Slow database response
Request timed out
Slow database response
Database connection failed
CPU usage above threshold
Database connection failed
Slow database response
Server started successfully
Slow database response
CPU usage above threshold
Slow database response
Authentication failed
Disk space running low
CPU usage above threshold
Request timed out
CPU usage above threshold
File not found
User logged out
Service unavailable
High memory usage
User logged in
Authentication failed
CPU usage above threshold
Server started successfully
User logged out
